============================= test session starts =============================
platform win32 -- Python 3.14.3, pytest-9.0.3, pluggy-1.6.0
rootdir: C:\Project\MDx-CoPilots\Copilots\AntiGravity\MDxCAI\Source\backend
plugins: anyio-4.13.0
collected 46 items

tests\test_agent_evals.py sss                                            [  6%]
tests\test_frameworks.py ..........                                      [ 28%]
tests\test_gap_analysis.py ...........                                   [ 52%]
tests\test_memory_rag.py ......                                          [ 65%]
tests\test_score_agent.py ................                               [100%]

======================== 43 passed, 3 skipped in 0.47s ========================
